This is pdfTeX, Version 3.141592653-2.6-1.40.26 (MiKTeX 24.4) (preloaded format=pdflatex 2025.5.3)  12 MAY 2026 12:37
entering extended mode
 restricted \write18 enabled.
 file:line:error style messages enabled.
 %&-line parsing enabled.
**"d:/0_UNI/NON-CODE STUFF/wr227/main.tex"
(d:/0_UNI/NON-CODE STUFF/wr227/main.tex
LaTeX2e <2024-06-01> patch level 2
L3 programming layer <2024-07-20>
(llncs.cls
Document Class: llncs 2024/01/29 v2.24 
 LaTeX document class for Lecture Notes in Computer Science
(C:\Users\MIKE\AppData\Local\Programs\MiKTeX\tex/latex/base\article.cls
Document Class: article 2024/02/08 v1.4n Standard LaTeX document class
(C:\Users\MIKE\AppData\Local\Programs\MiKTeX\tex/latex/base\size10.clo
File: size10.clo 2024/02/08 v1.4n Standard LaTeX file (size option)
)
\c@part=\count194
\c@section=\count195
\c@subsection=\count196
\c@subsubsection=\count197
\c@paragraph=\count198
\c@subparagraph=\count199
\c@figure=\count266
\c@table=\count267
\abovecaptionskip=\skip49
\belowcaptionskip=\skip50
\bibindent=\dimen141
) (C:\Users\MIKE\AppData\Local\Programs\MiKTeX\tex/latex/tools\multicol.sty
Package: multicol 2024/05/23 v1.9h multicolumn formatting (FMi)
\c@tracingmulticols=\count268
\mult@box=\box52
\multicol@leftmargin=\dimen142
\c@unbalance=\count269
\c@collectmore=\count270
\doublecol@number=\count271
\multicoltolerance=\count272
\multicolpretolerance=\count273
\full@width=\dimen143
\page@free=\dimen144
\premulticols=\dimen145
\postmulticols=\dimen146
\multicolsep=\skip51
\multicolbaselineskip=\skip52
\partial@page=\box53
\last@line=\box54
\mc@boxedresult=\box55
\maxbalancingoverflow=\dimen147
\mult@rightbox=\box56
\mult@grightbox=\box57
\mult@firstbox=\box58
\mult@gfirstbox=\box59
\@tempa=\box60
\@tempa=\box61
\@tempa=\box62
\@tempa=\box63
\@tempa=\box64
\@tempa=\box65
\@tempa=\box66
\@tempa=\box67
\@tempa=\box68
\@tempa=\box69
\@tempa=\box70
\@tempa=\box71
\@tempa=\box72
\@tempa=\box73
\@tempa=\box74
\@tempa=\box75
\@tempa=\box76
\@tempa=\box77
\@tempa=\box78
\@tempa=\box79
\@tempa=\box80
\@tempa=\box81
\@tempa=\box82
\@tempa=\box83
\@tempa=\box84
\@tempa=\box85
\@tempa=\box86
\@tempa=\box87
\@tempa=\box88
\@tempa=\box89
\@tempa=\box90
\@tempa=\box91
\@tempa=\box92
\@tempa=\box93
\@tempa=\box94
\@tempa=\box95
\c@minrows=\count274
\c@columnbadness=\count275
\c@finalcolumnbadness=\count276
\last@try=\dimen148
\multicolovershoot=\dimen149
\multicolundershoot=\dimen150
\mult@nat@firstbox=\box96
\colbreak@box=\box97
\mc@col@check@num=\count277
) (C:\Users\MIKE\AppData\Local\Programs\MiKTeX\tex/latex/oberdiek\aliascnt.sty
Package: aliascnt 2018/09/07 v1.5 Alias counters (HO)
)
\c@chapter=\count278
LaTeX Font Info:    Redeclaring math symbol \Gamma on input line 379.
LaTeX Font Info:    Redeclaring math symbol \Delta on input line 380.
LaTeX Font Info:    Redeclaring math symbol \Theta on input line 381.
LaTeX Font Info:    Redeclaring math symbol \Lambda on input line 382.
LaTeX Font Info:    Redeclaring math symbol \Xi on input line 383.
LaTeX Font Info:    Redeclaring math symbol \Pi on input line 384.
LaTeX Font Info:    Redeclaring math symbol \Sigma on input line 385.
LaTeX Font Info:    Redeclaring math symbol \Upsilon on input line 386.
LaTeX Font Info:    Redeclaring math symbol \Phi on input line 387.
LaTeX Font Info:    Redeclaring math symbol \Psi on input line 388.
LaTeX Font Info:    Redeclaring math symbol \Omega on input line 389.
LaTeX Info: Redefining \vec on input line 394.
\tocchpnum=\dimen151
\tocsecnum=\dimen152
\tocsectotal=\dimen153
\tocsubsecnum=\dimen154
\tocsubsectotal=\dimen155
\tocsubsubsecnum=\dimen156
\tocsubsubsectotal=\dimen157
\tocparanum=\dimen158
\tocparatotal=\dimen159
\tocsubparanum=\dimen160
\@tempcntc=\count279
\fnindent=\dimen161
\c@@inst=\count280
\c@@auth=\count281
\c@auco=\count282
\instindent=\dimen162
\authrun=\box98
\authorrunning=\toks17
\tocauthor=\toks18
\titrun=\box99
\titlerunning=\toks19
\toctitle=\toks20
\c@theorem=\count283
\c@case=\count284
\c@conjecture=\count285
\c@corollary=\count286
\c@definition=\count287
\c@example=\count288
\c@exercise=\count289
\c@lemma=\count290
\c@note=\count291
\c@problem=\count292
\c@property=\count293
\c@proposition=\count294
\c@question=\count295
\c@solution=\count296
\c@remark=\count297
\headlineindent=\dimen163
) (C:\Users\MIKE\AppData\Local\Programs\MiKTeX\tex/latex/base\fontenc.sty
Package: fontenc 2021/04/29 v2.0v Standard LaTeX package
) (C:\Users\MIKE\AppData\Local\Programs\MiKTeX\tex/latex/caption\subcaption.sty
Package: subcaption 2023/07/28 v1.6b Sub-captions (AR)
 (C:\Users\MIKE\AppData\Local\Programs\MiKTeX\tex/latex/caption\caption.sty
Package: caption 2023/08/05 v3.6o Customizing captions (AR)
 (C:\Users\MIKE\AppData\Local\Programs\MiKTeX\tex/latex/caption\caption3.sty
Package: caption3 2023/07/31 v2.4d caption3 kernel (AR)
 (C:\Users\MIKE\AppData\Local\Programs\MiKTeX\tex/latex/graphics\keyval.sty
Package: keyval 2022/05/29 v1.15 key=value parser (DPC)
\KV@toks@=\toks21
)
\caption@tempdima=\dimen164
\captionmargin=\dimen165
\caption@leftmargin=\dimen166
\caption@rightmargin=\dimen167
\caption@width=\dimen168
\caption@indent=\dimen169
\caption@parindent=\dimen170
\caption@hangindent=\dimen171
Package caption Info: Unknown document class (or package),
(caption)             standard defaults will be used.
Package caption Info: \@makecaption = \long macro:#1#2->\small \vskip \abovecaptionskip \sbox \@tempboxa {{\bfseries #1.} #2}\ifdim \wd \@tempboxa >\hsize {\bfseries #1.} #2\par \else \global \@minipagefalse \hb@xt@ \hsize {\hfil \box \@tempboxa \hfil }\fi \vskip \belowcaptionskip  on input line 1175.
)

Package caption Warning: Unknown document class (or package),
(caption)                standard defaults will be used.
See the caption package documentation for explanation.

\c@caption@flags=\count298
\c@continuedfloat=\count299
)
Package caption Info: New subtype `subfigure' on input line 238.
\c@subfigure=\count300
Package caption Info: New subtype `subtable' on input line 238.
\c@subtable=\count301
) (C:\Users\MIKE\AppData\Local\Programs\MiKTeX\tex/latex/graphics\graphicx.sty
Package: graphicx 2021/09/16 v1.2d Enhanced LaTeX Graphics (DPC,SPQR)
 (C:\Users\MIKE\AppData\Local\Programs\MiKTeX\tex/latex/graphics\graphics.sty
Package: graphics 2024/05/23 v1.4g Standard LaTeX Graphics (DPC,SPQR)
 (C:\Users\MIKE\AppData\Local\Programs\MiKTeX\tex/latex/graphics\trig.sty
Package: trig 2023/12/02 v1.11 sin cos tan (DPC)
) (C:\Users\MIKE\AppData\Local\Programs\MiKTeX\tex/latex/graphics-cfg\graphics.cfg
File: graphics.cfg 2016/06/04 v1.11 sample graphics configuration
)
Package graphics Info: Driver file: pdftex.def on input line 106.
 (C:\Users\MIKE\AppData\Local\Programs\MiKTeX\tex/latex/graphics-def\pdftex.def
File: pdftex.def 2024/04/13 v1.2c Graphics/color driver for pdftex
))
\Gin@req@height=\dimen172
\Gin@req@width=\dimen173
) (C:\Users\MIKE\AppData\Local\Programs\MiKTeX\tex/latex/amsmath\amsmath.sty
Package: amsmath 2024/05/23 v2.17q AMS math features
\@mathmargin=\skip53

For additional information on amsmath, use the `?' option.
(C:\Users\MIKE\AppData\Local\Programs\MiKTeX\tex/latex/amsmath\amstext.sty
Package: amstext 2021/08/26 v2.01 AMS text
 (C:\Users\MIKE\AppData\Local\Programs\MiKTeX\tex/latex/amsmath\amsgen.sty
File: amsgen.sty 1999/11/30 v2.0 generic functions
\@emptytoks=\toks22
\ex@=\dimen174
)) (C:\Users\MIKE\AppData\Local\Programs\MiKTeX\tex/latex/amsmath\amsbsy.sty
Package: amsbsy 1999/11/29 v1.2d Bold Symbols
\pmbraise@=\dimen175
) (C:\Users\MIKE\AppData\Local\Programs\MiKTeX\tex/latex/amsmath\amsopn.sty
Package: amsopn 2022/04/08 v2.04 operator names
)
\inf@bad=\count302
LaTeX Info: Redefining \frac on input line 233.
\uproot@=\count303
\leftroot@=\count304
LaTeX Info: Redefining \overline on input line 398.
LaTeX Info: Redefining \colon on input line 409.
\classnum@=\count305
\DOTSCASE@=\count306
LaTeX Info: Redefining \ldots on input line 495.
LaTeX Info: Redefining \dots on input line 498.
LaTeX Info: Redefining \cdots on input line 619.
\Mathstrutbox@=\box100
\strutbox@=\box101
LaTeX Info: Redefining \big on input line 721.
LaTeX Info: Redefining \Big on input line 722.
LaTeX Info: Redefining \bigg on input line 723.
LaTeX Info: Redefining \Bigg on input line 724.
\big@size=\dimen176
LaTeX Font Info:    Redeclaring font encoding OML on input line 742.
LaTeX Font Info:    Redeclaring font encoding OMS on input line 743.


Package amsmath Warning: Unable to redefine math accent \vec.

\macc@depth=\count307
LaTeX Info: Redefining \bmod on input line 904.
LaTeX Info: Redefining \pmod on input line 909.
LaTeX Info: Redefining \smash on input line 939.
LaTeX Info: Redefining \relbar on input line 969.
LaTeX Info: Redefining \Relbar on input line 970.
\c@MaxMatrixCols=\count308
\dotsspace@=\muskip17
\c@parentequation=\count309
\dspbrk@lvl=\count310
\tag@help=\toks23
\row@=\count311
\column@=\count312
\maxfields@=\count313
\andhelp@=\toks24
\eqnshift@=\dimen177
\alignsep@=\dimen178
\tagshift@=\dimen179
\tagwidth@=\dimen180
\totwidth@=\dimen181
\lineht@=\dimen182
\@envbody=\toks25
\multlinegap=\skip54
\multlinetaggap=\skip55
\mathdisplay@stack=\toks26
LaTeX Info: Redefining \[ on input line 2953.
LaTeX Info: Redefining \] on input line 2954.
) (C:\Users\MIKE\AppData\Local\Programs\MiKTeX\tex/latex/booktabs\booktabs.sty
Package: booktabs 2020/01/12 v1.61803398 Publication quality tables
\heavyrulewidth=\dimen183
\lightrulewidth=\dimen184
\cmidrulewidth=\dimen185
\belowrulesep=\dimen186
\belowbottomsep=\dimen187
\aboverulesep=\dimen188
\abovetopsep=\dimen189
\cmidrulesep=\dimen190
\cmidrulekern=\dimen191
\defaultaddspace=\dimen192
\@cmidla=\count314
\@cmidlb=\count315
\@aboverulesep=\dimen193
\@belowrulesep=\dimen194
\@thisruleclass=\count316
\@lastruleclass=\count317
\@thisrulewidth=\dimen195
) (C:\Users\MIKE\AppData\Local\Programs\MiKTeX\tex/latex/tools\tabularx.sty
Package: tabularx 2023/12/11 v2.12a `tabularx' package (DPC)
 (C:\Users\MIKE\AppData\Local\Programs\MiKTeX\tex/latex/tools\array.sty
Package: array 2024/06/14 v2.6d Tabular extension package (FMi)
\col@sep=\dimen196
\ar@mcellbox=\box102
\extrarowheight=\dimen197
\NC@list=\toks27
\extratabsurround=\skip56
\backup@length=\skip57
\ar@cellbox=\box103
)
\TX@col@width=\dimen198
\TX@old@table=\dimen199
\TX@old@col=\dimen256
\TX@target=\dimen257
\TX@delta=\dimen258
\TX@cols=\count318
\TX@ftn=\toks28
) (C:\Users\MIKE\AppData\Local\Programs\MiKTeX\tex/latex/float\float.sty
Package: float 2001/11/08 v1.3d Float enhancements (AL)
\c@float@type=\count319
\float@exts=\toks29
\float@box=\box104
\@float@everytoks=\toks30
\@floatcapt=\box105
) (C:\Users\MIKE\AppData\Local\Programs\MiKTeX\tex/latex/listings\listings.sty
\lst@mode=\count320
\lst@gtempboxa=\box106
\lst@token=\toks31
\lst@length=\count321
\lst@currlwidth=\dimen259
\lst@column=\count322
\lst@pos=\count323
\lst@lostspace=\dimen260
\lst@width=\dimen261
\lst@newlines=\count324
\lst@lineno=\count325
\lst@maxwidth=\dimen262
 (C:\Users\MIKE\AppData\Local\Programs\MiKTeX\tex/latex/listings\lstpatch.sty
File: lstpatch.sty 2024/05/25 1.10b (Carsten Heinz)
) (C:\Users\MIKE\AppData\Local\Programs\MiKTeX\tex/latex/listings\lstmisc.sty
File: lstmisc.sty 2024/05/25 1.10b (Carsten Heinz)
\c@lstnumber=\count326
\lst@skipnumbers=\count327
\lst@framebox=\box107
) (C:\Users\MIKE\AppData\Local\Programs\MiKTeX\tex/latex/listings\listings.cfg
File: listings.cfg 2024/05/25 1.10b listings configuration
))
Package: listings 2024/05/25 1.10b (Carsten Heinz)
 (C:\Users\MIKE\AppData\Local\Programs\MiKTeX\tex/generic/babel\babel.sty
Package: babel 2024/06/26 v24.7 The Babel package
\babel@savecnt=\count328
\U@D=\dimen263
\l@unhyphenated=\language79
 (C:\Users\MIKE\AppData\Local\Programs\MiKTeX\tex/generic/babel\txtbabel.def)
\bbl@readstream=\read2
\bbl@dirlevel=\count329

*************************************
* Local config file bblopts.cfg used
*
(C:\Users\MIKE\AppData\Local\Programs\MiKTeX\tex/latex/arabi\bblopts.cfg
File: bblopts.cfg 2005/09/08 v0.1 add Arabic and Farsi to "declared" options of babel
) (C:\Users\MIKE\AppData\Local\Programs\MiKTeX\tex/latex/babel-english\english.ldf
Language: english 2017/06/06 v3.3r English support from the babel system
Package babel Info: Hyphen rules for 'canadian' set to \l@english
(babel)             (\language0). Reported on input line 102.
Package babel Info: Hyphen rules for 'australian' set to \l@ukenglish
(babel)             (\language73). Reported on input line 105.
Package babel Info: Hyphen rules for 'newzealand' set to \l@ukenglish
(babel)             (\language73). Reported on input line 108.
)) (C:\Users\MIKE\AppData\Local\Programs\MiKTeX\tex/generic/babel/locale/en\babel-english.tex
Package babel Info: Importing font and identification data for english
(babel)             from babel-en.ini. Reported on input line 11.
) (C:\Users\MIKE\AppData\Local\Programs\MiKTeX\tex/latex/csquotes\csquotes.sty
Package: csquotes 2024-04-04 v5.2o context-sensitive quotations (JAW)
 (C:\Users\MIKE\AppData\Local\Programs\MiKTeX\tex/latex/etoolbox\etoolbox.sty
Package: etoolbox 2020/10/05 v2.5k e-TeX tools for LaTeX (JAW)
\etb@tempcnta=\count330
)
\csq@reset=\count331
\csq@gtype=\count332
\csq@glevel=\count333
\csq@qlevel=\count334
\csq@maxlvl=\count335
\csq@tshold=\count336
\csq@ltx@everypar=\toks32
 (C:\Users\MIKE\AppData\Local\Programs\MiKTeX\tex/latex/csquotes\csquotes.def
File: csquotes.def 2024-04-04 v5.2o csquotes generic definitions (JAW)
)
Package csquotes Info: Trying to load configuration file 'csquotes.cfg'...
Package csquotes Info: ... configuration file loaded successfully.
 (C:\Users\MIKE\AppData\Local\Programs\MiKTeX\tex/latex/csquotes\csquotes.cfg
File: csquotes.cfg 
)) (C:\Users\MIKE\AppData\Local\Programs\MiKTeX\tex/latex/hyperref\hyperref.sty
Package: hyperref 2024-07-10 v7.01j Hypertext links for LaTeX
 (C:\Users\MIKE\AppData\Local\Programs\MiKTeX\tex/generic/iftex\iftex.sty
Package: iftex 2022/02/03 v1.0f TeX engine tests
) (C:\Users\MIKE\AppData\Local\Programs\MiKTeX\tex/latex/kvsetkeys\kvsetkeys.sty
Package: kvsetkeys 2022-10-05 v1.19 Key value parser (HO)
) (C:\Users\MIKE\AppData\Local\Programs\MiKTeX\tex/generic/kvdefinekeys\kvdefinekeys.sty
Package: kvdefinekeys 2019-12-19 v1.6 Define keys (HO)
) (C:\Users\MIKE\AppData\Local\Programs\MiKTeX\tex/generic/pdfescape\pdfescape.sty
Package: pdfescape 2019/12/09 v1.15 Implements pdfTeX's escape features (HO)
 (C:\Users\MIKE\AppData\Local\Programs\MiKTeX\tex/generic/ltxcmds\ltxcmds.sty
Package: ltxcmds 2023-12-04 v1.26 LaTeX kernel commands for general use (HO)
) (C:\Users\MIKE\AppData\Local\Programs\MiKTeX\tex/generic/pdftexcmds\pdftexcmds.sty
Package: pdftexcmds 2020-06-27 v0.33 Utility functions of pdfTeX for LuaTeX (HO)
 (C:\Users\MIKE\AppData\Local\Programs\MiKTeX\tex/generic/infwarerr\infwarerr.sty
Package: infwarerr 2019/12/03 v1.5 Providing info/warning/error messages (HO)
)
Package pdftexcmds Info: \pdf@primitive is available.
Package pdftexcmds Info: \pdf@ifprimitive is available.
Package pdftexcmds Info: \pdfdraftmode found.
)) (C:\Users\MIKE\AppData\Local\Programs\MiKTeX\tex/latex/hycolor\hycolor.sty
Package: hycolor 2020-01-27 v1.10 Color options for hyperref/bookmark (HO)
) (C:\Users\MIKE\AppData\Local\Programs\MiKTeX\tex/latex/hyperref\nameref.sty
Package: nameref 2023-11-26 v2.56 Cross-referencing by name of section
 (C:\Users\MIKE\AppData\Local\Programs\MiKTeX\tex/latex/refcount\refcount.sty
Package: refcount 2019/12/15 v3.6 Data extraction from label references (HO)
) (C:\Users\MIKE\AppData\Local\Programs\MiKTeX\tex/generic/gettitlestring\gettitlestring.sty
Package: gettitlestring 2019/12/15 v1.6 Cleanup title references (HO)
 (C:\Users\MIKE\AppData\Local\Programs\MiKTeX\tex/latex/kvoptions\kvoptions.sty
Package: kvoptions 2022-06-15 v3.15 Key value format for package options (HO)
))
\c@section@level=\count337
) (C:\Users\MIKE\AppData\Local\Programs\MiKTeX\tex/generic/stringenc\stringenc.sty
Package: stringenc 2019/11/29 v1.12 Convert strings between diff. encodings (HO)
)
\@linkdim=\dimen264
\Hy@linkcounter=\count338
\Hy@pagecounter=\count339
 (C:\Users\MIKE\AppData\Local\Programs\MiKTeX\tex/latex/hyperref\pd1enc.def
File: pd1enc.def 2024-07-10 v7.01j Hyperref: PDFDocEncoding definition (HO)
Now handling font encoding PD1 ...
... no UTF-8 mapping file for font encoding PD1
) (C:\Users\MIKE\AppData\Local\Programs\MiKTeX\tex/generic/intcalc\intcalc.sty
Package: intcalc 2019/12/15 v1.3 Expandable calculations with integers (HO)
)
\Hy@SavedSpaceFactor=\count340
 (C:\Users\MIKE\AppData\Local\Programs\MiKTeX\tex/latex/hyperref\puenc.def
File: puenc.def 2024-07-10 v7.01j Hyperref: PDF Unicode definition (HO)
Now handling font encoding PU ...
... no UTF-8 mapping file for font encoding PU
)
Package hyperref Info: Hyper figures OFF on input line 4157.
Package hyperref Info: Link nesting OFF on input line 4162.
Package hyperref Info: Hyper index ON on input line 4165.
Package hyperref Info: Plain pages OFF on input line 4172.
Package hyperref Info: Backreferencing OFF on input line 4177.
Package hyperref Info: Implicit mode ON; LaTeX internals redefined.
Package hyperref Info: Bookmarks ON on input line 4424.
\c@Hy@tempcnt=\count341
 (C:\Users\MIKE\AppData\Local\Programs\MiKTeX\tex/latex/url\url.sty
\Urlmuskip=\muskip18
Package: url 2013/09/16  ver 3.4  Verb mode for urls, etc.
)
LaTeX Info: Redefining \url on input line 4763.
\XeTeXLinkMargin=\dimen265
 (C:\Users\MIKE\AppData\Local\Programs\MiKTeX\tex/generic/bitset\bitset.sty
Package: bitset 2019/12/09 v1.3 Handle bit-vector datatype (HO)
 (C:\Users\MIKE\AppData\Local\Programs\MiKTeX\tex/generic/bigintcalc\bigintcalc.sty
Package: bigintcalc 2019/12/15 v1.5 Expandable calculations on big integers (HO)
))
\Fld@menulength=\count342
\Field@Width=\dimen266
\Fld@charsize=\dimen267
Package hyperref Info: Hyper figures OFF on input line 6042.
Package hyperref Info: Link nesting OFF on input line 6047.
Package hyperref Info: Hyper index ON on input line 6050.
Package hyperref Info: backreferencing OFF on input line 6057.
Package hyperref Info: Link coloring OFF on input line 6062.
Package hyperref Info: Link coloring with OCG OFF on input line 6067.
Package hyperref Info: PDF/A mode OFF on input line 6072.
 (C:\Users\MIKE\AppData\Local\Programs\MiKTeX\tex/latex/base\atbegshi-ltx.sty
Package: atbegshi-ltx 2021/01/10 v1.0c Emulation of the original atbegshi
package with kernel methods
)
\Hy@abspage=\count343
\c@Item=\count344
\c@Hfootnote=\count345
)
Package hyperref Info: Driver (autodetected): hpdftex.
 (C:\Users\MIKE\AppData\Local\Programs\MiKTeX\tex/latex/hyperref\hpdftex.def
File: hpdftex.def 2024-07-10 v7.01j Hyperref driver for pdfTeX
 (C:\Users\MIKE\AppData\Local\Programs\MiKTeX\tex/latex/base\atveryend-ltx.sty
Package: atveryend-ltx 2020/08/19 v1.0a Emulation of the original atveryend package
with kernel methods
)
\Fld@listcount=\count346
\c@bookmark@seq@number=\count347
 (C:\Users\MIKE\AppData\Local\Programs\MiKTeX\tex/latex/rerunfilecheck\rerunfilecheck.sty
Package: rerunfilecheck 2022-07-10 v1.10 Rerun checks for auxiliary files (HO)
 (C:\Users\MIKE\AppData\Local\Programs\MiKTeX\tex/generic/uniquecounter\uniquecounter.sty
Package: uniquecounter 2019/12/15 v1.4 Provide unlimited unique counter (HO)
)
Package uniquecounter Info: New unique counter `rerunfilecheck' on input line 285.
)
\Hy@SectionHShift=\skip58
) (C:\Users\MIKE\AppData\Local\Programs\MiKTeX\tex/latex/biblatex\biblatex.sty
Package: biblatex 2024/03/21 v3.20 programmable bibliographies (PK/MW)
 (C:\Users\MIKE\AppData\Local\Programs\MiKTeX\tex/latex/logreq\logreq.sty
Package: logreq 2010/08/04 v1.0 xml request logger
\lrq@indent=\count348
 (C:\Users\MIKE\AppData\Local\Programs\MiKTeX\tex/latex/logreq\logreq.def
File: logreq.def 2010/08/04 v1.0 logreq spec v1.0
)) (C:\Users\MIKE\AppData\Local\Programs\MiKTeX\tex/latex/base\ifthen.sty
Package: ifthen 2024/03/16 v1.1e Standard LaTeX ifthen package (DPC)
)
\c@tabx@nest=\count349
\c@listtotal=\count350
\c@listcount=\count351
\c@liststart=\count352
\c@liststop=\count353
\c@citecount=\count354
\c@citetotal=\count355
\c@multicitecount=\count356
\c@multicitetotal=\count357
\c@instcount=\count358
\c@maxnames=\count359
\c@minnames=\count360
\c@maxitems=\count361
\c@minitems=\count362
\c@citecounter=\count363
\c@maxcitecounter=\count364
\c@savedcitecounter=\count365
\c@uniquelist=\count366
\c@uniquename=\count367
\c@refsection=\count368
\c@refsegment=\count369
\c@maxextratitle=\count370
\c@maxextratitleyear=\count371
\c@maxextraname=\count372
\c@maxextradate=\count373
\c@maxextraalpha=\count374
\c@abbrvpenalty=\count375
\c@highnamepenalty=\count376
\c@lownamepenalty=\count377
\c@maxparens=\count378
\c@parenlevel=\count379
\blx@tempcnta=\count380
\blx@tempcntb=\count381
\blx@tempcntc=\count382
\c@blx@maxsection=\count383
\blx@maxsegment@0=\count384
\blx@notetype=\count385
\blx@parenlevel@text=\count386
\blx@parenlevel@foot=\count387
\blx@sectionciteorder@0=\count388
\blx@sectionciteorderinternal@0=\count389
\blx@entrysetcounter=\count390
\blx@biblioinstance=\count391
\labelnumberwidth=\skip59
\labelalphawidth=\skip60
\biblabelsep=\skip61
\bibitemsep=\skip62
\bibnamesep=\skip63
\bibinitsep=\skip64
\bibparsep=\skip65
\bibhang=\skip66
\blx@bcfin=\read3
\blx@bcfout=\write3
\blx@langwohyphens=\language80
\c@mincomprange=\count392
\c@maxcomprange=\count393
\c@mincompwidth=\count394
Package biblatex Info: Trying to load biblatex default data model...
Package biblatex Info: ... file 'blx-dm.def' found.
 (C:\Users\MIKE\AppData\Local\Programs\MiKTeX\tex/latex/biblatex\blx-dm.def
File: blx-dm.def 2024/03/21 v3.20 biblatex datamodel (PK/MW)
)
Package biblatex Info: Trying to load biblatex style data model...
Package biblatex Info: ... file 'lncs.dbx' found.
 (C:\Users\MIKE\AppData\Local\Programs\MiKTeX\tex/latex/biblatex-lncs\lncs.dbx)
Package biblatex Info: Trying to load biblatex custom data model...
Package biblatex Info: ... file 'biblatex-dm.cfg' not found.
\c@afterword=\count395
\c@savedafterword=\count396
\c@annotator=\count397
\c@savedannotator=\count398
\c@author=\count399
\c@savedauthor=\count400
\c@bookauthor=\count401
\c@savedbookauthor=\count402
\c@commentator=\count403
\c@savedcommentator=\count404
\c@editor=\count405
\c@savededitor=\count406
\c@editora=\count407
\c@savededitora=\count408
\c@editorb=\count409
\c@savededitorb=\count410
\c@editorc=\count411
\c@savededitorc=\count412
\c@foreword=\count413
\c@savedforeword=\count414
\c@holder=\count415
\c@savedholder=\count416
\c@introduction=\count417
\c@savedintroduction=\count418
\c@namea=\count419
\c@savednamea=\count420
\c@nameb=\count421
\c@savednameb=\count422
\c@namec=\count423
\c@savednamec=\count424
\c@translator=\count425
\c@savedtranslator=\count426
\c@shortauthor=\count427
\c@savedshortauthor=\count428
\c@shorteditor=\count429
\c@savedshorteditor=\count430
\c@labelname=\count431
\c@savedlabelname=\count432
\c@institution=\count433
\c@savedinstitution=\count434
\c@lista=\count435
\c@savedlista=\count436
\c@listb=\count437
\c@savedlistb=\count438
\c@listc=\count439
\c@savedlistc=\count440
\c@listd=\count441
\c@savedlistd=\count442
\c@liste=\count443
\c@savedliste=\count444
\c@listf=\count445
\c@savedlistf=\count446
\c@location=\count447
\c@savedlocation=\count448
\c@organization=\count449
\c@savedorganization=\count450
\c@origlocation=\count451
\c@savedoriglocation=\count452
\c@origpublisher=\count453
\c@savedorigpublisher=\count454
\c@publisher=\count455
\c@savedpublisher=\count456
\c@language=\count457
\c@savedlanguage=\count458
\c@origlanguage=\count459
\c@savedoriglanguage=\count460
\c@pageref=\count461
\c@savedpageref=\count462
\shorthandwidth=\skip67
\shortjournalwidth=\skip68
\shortserieswidth=\skip69
\shorttitlewidth=\skip70
\shortauthorwidth=\skip71
\shorteditorwidth=\skip72
\locallabelnumberwidth=\skip73
\locallabelalphawidth=\skip74
\localshorthandwidth=\skip75
\localshortjournalwidth=\skip76
\localshortserieswidth=\skip77
\localshorttitlewidth=\skip78
\localshortauthorwidth=\skip79
\localshorteditorwidth=\skip80
Package biblatex Info: Trying to load compatibility code...
Package biblatex Info: ... file 'blx-compat.def' found.
 (C:\Users\MIKE\AppData\Local\Programs\MiKTeX\tex/latex/biblatex\blx-compat.def
File: blx-compat.def 2024/03/21 v3.20 biblatex compatibility (PK/MW)
)
Package biblatex Info: Trying to load generic definitions...
Package biblatex Info: ... file 'biblatex.def' found.
 (C:\Users\MIKE\AppData\Local\Programs\MiKTeX\tex/latex/biblatex\biblatex.def
File: biblatex.def 2024/03/21 v3.20 biblatex compatibility (PK/MW)
\c@textcitecount=\count463
\c@textcitetotal=\count464
\c@textcitemaxnames=\count465
\c@biburlbigbreakpenalty=\count466
\c@biburlbreakpenalty=\count467
\c@biburlnumpenalty=\count468
\c@biburlucpenalty=\count469
\c@biburllcpenalty=\count470
\biburlbigskip=\muskip19
\biburlnumskip=\muskip20
\biburlucskip=\muskip21
\biburllcskip=\muskip22
\c@smartand=\count471
)
Package biblatex Info: Trying to load natbib compatibility...
Package biblatex Info: ... file 'blx-natbib.def' found.
 (C:\Users\MIKE\AppData\Local\Programs\MiKTeX\tex/latex/biblatex\blx-natbib.def
File: blx-natbib.def 2024/03/21 v3.20 biblatex compatibility (PK/MW)
Package biblatex Info: Delimiter 'nameyeardelim' in context '' already defined, overwriting.
)
Package biblatex Info: Trying to load bibliography style 'lncs'...
Package biblatex Info: ... file 'lncs.bbx' found.
 (C:\Users\MIKE\AppData\Local\Programs\MiKTeX\tex/latex/biblatex-lncs\lncs.bbx
File: lncs.bbx 2023/05/08 v0.7
Package biblatex Info: Trying to load bibliography style 'numeric'...
Package biblatex Info: ... file 'numeric.bbx' found.
 (C:\Users\MIKE\AppData\Local\Programs\MiKTeX\tex/latex/biblatex/bbx\numeric.bbx
File: numeric.bbx 2024/03/21 v3.20 biblatex bibliography style (PK/MW)
Package biblatex Info: Trying to load bibliography style 'standard'...
Package biblatex Info: ... file 'standard.bbx' found.
 (C:\Users\MIKE\AppData\Local\Programs\MiKTeX\tex/latex/biblatex/bbx\standard.bbx
File: standard.bbx 2024/03/21 v3.20 biblatex bibliography style (PK/MW)
\c@bbx:relatedcount=\count472
\c@bbx:relatedtotal=\count473
))
Package biblatex Info: Delimiter 'editortypedelim' in context '' already defined, overwriting.
)
Package biblatex Info: Trying to load citation style 'lncs'...
Package biblatex Info: ... file 'lncs.cbx' found.
 (C:\Users\MIKE\AppData\Local\Programs\MiKTeX\tex/latex/biblatex-lncs\lncs.cbx
File: lncs.cbx 2023/05/08 v0.7
Package biblatex Info: Trying to load citation style 'numeric'...
Package biblatex Info: ... file 'numeric.cbx' found.
 (C:\Users\MIKE\AppData\Local\Programs\MiKTeX\tex/latex/biblatex/cbx\numeric.cbx
File: numeric.cbx 2024/03/21 v3.20 biblatex citation style (PK/MW)
Package biblatex Info: Redefining '\cite'.
Package biblatex Info: Redefining '\parencite'.
Package biblatex Info: Redefining '\footcite'.
Package biblatex Info: Redefining '\footcitetext'.
Package biblatex Info: Redefining '\smartcite'.
Package biblatex Info: Redefining '\supercite'.
Package biblatex Info: Redefining '\textcite'.
Package biblatex Info: Redefining '\textcites'.
Package biblatex Info: Redefining '\cites'.
Package biblatex Info: Redefining '\parencites'.
Package biblatex Info: Redefining '\smartcites'.
))
Package biblatex Info: Trying to load configuration file...
Package biblatex Info: ... file 'biblatex.cfg' found.
 (C:\Users\MIKE\AppData\Local\Programs\MiKTeX\tex/latex/biblatex\biblatex.cfg
File: biblatex.cfg 
)
Package biblatex Info: Input encoding 'utf8' detected.
Package biblatex Info: Document encoding is UTF8 ....
 (C:\Users\MIKE\AppData\Local\Programs\MiKTeX\tex/latex/l3kernel\expl3.sty
Package: expl3 2024-07-20 L3 programming layer (loader) 
 (C:\Users\MIKE\AppData\Local\Programs\MiKTeX\tex/latex/l3backend\l3backend-pdftex.def
File: l3backend-pdftex.def 2024-05-08 L3 backend support: PDF output (pdfTeX)
\l__color_backend_stack_int=\count474
\l__pdf_internal_box=\box108
))
Package biblatex Info: ... and expl3
(biblatex)             2024-07-20 L3 programming layer (loader) 
(biblatex)             is new enough (at least 2020/04/06),
(biblatex)             setting 'casechanger=expl3'.
 (C:\Users\MIKE\AppData\Local\Programs\MiKTeX\tex/latex/biblatex\blx-case-expl3.sty (C:\Users\MIKE\AppData\Local\Programs\MiKTeX\tex/latex/l3packages/xparse\xparse.sty
Package: xparse 2024-05-08 L3 Experimental document command parser
)
Package: blx-case-expl3 2024/03/21 v3.20 expl3 case changing code for biblatex
)) (C:\Users\MIKE\AppData\Local\Programs\MiKTeX\tex/latex/lipsum\lipsum.sty (C:\Users\MIKE\AppData\Local\Programs\MiKTeX\tex/latex/l3packages/l3keys2e\l3keys2e.sty
Package: l3keys2e 2024-05-08 LaTeX2e option processing using LaTeX3 keys
)
Package: lipsum 2021-09-20 v2.7 150 paragraphs of Lorem Ipsum dummy text
\g__lipsum_par_int=\count475
\l__lipsum_a_int=\count476
\l__lipsum_b_int=\count477
 (C:\Users\MIKE\AppData\Local\Programs\MiKTeX\tex/latex/lipsum\lipsum.ltd.tex)) (C:\Users\MIKE\AppData\Local\Programs\MiKTeX\tex/latex/graphics\color.sty
Package: color 2024/01/14 v1.3d Standard LaTeX Color (DPC)
 (C:\Users\MIKE\AppData\Local\Programs\MiKTeX\tex/latex/graphics-cfg\color.cfg
File: color.cfg 2016/01/02 v1.6 sample color configuration
)
Package color Info: Driver file: pdftex.def on input line 149.
 (C:\Users\MIKE\AppData\Local\Programs\MiKTeX\tex/latex/graphics\mathcolor.ltx))
Package csquotes Info: Checking for multilingual support...
Package csquotes Info: ... found 'babel' package.
Package csquotes Info: Adjusting default style.
Package csquotes Info: Redefining alias 'default' -> 'english'.
 (main.aux)
\openout1 = `main.aux'.

LaTeX Font Info:    Checking defaults for OML/cmm/m/it on input line 53.
LaTeX Font Info:    ... okay on input line 53.
LaTeX Font Info:    Checking defaults for OMS/cmsy/m/n on input line 53.
LaTeX Font Info:    ... okay on input line 53.
LaTeX Font Info:    Checking defaults for OT1/cmr/m/n on input line 53.
LaTeX Font Info:    ... okay on input line 53.
LaTeX Font Info:    Checking defaults for T1/cmr/m/n on input line 53.
LaTeX Font Info:    ... okay on input line 53.
LaTeX Font Info:    Checking defaults for TS1/cmr/m/n on input line 53.
LaTeX Font Info:    ... okay on input line 53.
LaTeX Font Info:    Checking defaults for OMX/cmex/m/n on input line 53.
LaTeX Font Info:    ... okay on input line 53.
LaTeX Font Info:    Checking defaults for U/cmr/m/n on input line 53.
LaTeX Font Info:    ... okay on input line 53.
LaTeX Font Info:    Checking defaults for PD1/pdf/m/n on input line 53.
LaTeX Font Info:    ... okay on input line 53.
LaTeX Font Info:    Checking defaults for PU/pdf/m/n on input line 53.
LaTeX Font Info:    ... okay on input line 53.
Package caption Info: Begin \AtBeginDocument code.
Package caption Info: float package is loaded.
Package caption Info: hyperref package is loaded.
Package caption Info: listings package is loaded.
Package caption Info: End \AtBeginDocument code.
 (C:\Users\MIKE\AppData\Local\Programs\MiKTeX\tex/context/base/mkii\supp-pdf.mkii
[Loading MPS to PDF converter (version 2006.09.02).]
\scratchcounter=\count478
\scratchdimen=\dimen268
\scratchbox=\box109
\nofMPsegments=\count479
\nofMParguments=\count480
\everyMPshowfont=\toks33
\MPscratchCnt=\count481
\MPscratchDim=\dimen269
\MPnumerator=\count482
\makeMPintoPDFobject=\count483
\everyMPtoPDFconversion=\toks34
) (C:\Users\MIKE\AppData\Local\Programs\MiKTeX\tex/latex/epstopdf-pkg\epstopdf-base.sty
Package: epstopdf-base 2020-01-24 v2.11 Base part for package epstopdf
Package epstopdf-base Info: Redefining graphics rule for `.eps' on input line 485.
 (C:\Users\MIKE\AppData\Local\Programs\MiKTeX\tex/latex/00miktex\epstopdf-sys.cfg
File: epstopdf-sys.cfg 2021/03/18 v2.0 Configuration of epstopdf for MiKTeX
))
\c@lstlisting=\count484
Package hyperref Info: Link coloring OFF on input line 53.
 (main.out) (main.out)
\@outlinefile=\write4
\openout4 = `main.out'.

Package biblatex Info: Trying to load language 'english'...
Package biblatex Info: ... file 'english.lbx' found.
 (C:\Users\MIKE\AppData\Local\Programs\MiKTeX\tex/latex/biblatex/lbx\english.lbx
File: english.lbx 2024/03/21 v3.20 biblatex localization (PK/MW)
)
Package biblatex Info: Input encoding 'utf8' detected.
Package biblatex Info: Automatic encoding selection.
(biblatex)             Assuming data encoding 'utf8'.
\openout3 = `main.bcf'.

Package biblatex Info: Trying to load bibliographic data...
Package biblatex Info: ... file 'main.bbl' found.
 (main.bbl)
Package biblatex Info: Reference section=0 on input line 53.
Package biblatex Info: Reference segment=0 on input line 53.
LaTeX Font Info:    Trying to load font information for T1+cmtt on input line 74.
 (C:\Users\MIKE\AppData\Local\Programs\MiKTeX\tex/latex/base\t1cmtt.fd
File: t1cmtt.fd 2023/04/13 v2.5m Standard LaTeX font definitions
)

[1

{C:/Users/MIKE/AppData/Local/MiKTeX/fonts/map/pdftex/pdftex.map}] (Introduction.tex [2]) (Background.tex [3] [4] [5]) (RelatedWorks.tex [6]) [7] (Methodology.tex [8]
Underfull \hbox (badness 1057) in paragraph at lines 33--33
[]|\T1/cmr/bx/n/9 What it con-tains
 []


Underfull \hbox (badness 2035) in paragraph at lines 33--33
[]|\T1/cmr/m/n/9 Student pro-file and
 []


Underfull \hbox (badness 10000) in paragraph at lines 33--33
\T1/cmr/m/n/9 out-come la-bels:
 []


Underfull \hbox (badness 10000) in paragraph at lines 33--33
\T1/cmtt/m/n/9 id_student\T1/cmr/m/n/9 , de-mo-
 []


Underfull \hbox (badness 10000) in paragraph at lines 33--33
\T1/cmr/m/n/9 graph-ics (gen-der,
 []


Underfull \hbox (badness 10000) in paragraph at lines 33--33
\T1/cmr/m/n/9 re-gion, ed-u-ca-
 []


Underfull \hbox (badness 10000) in paragraph at lines 33--33
\T1/cmr/m/n/9 tion, dis-abil-ity),
 []


Underfull \hbox (badness 10000) in paragraph at lines 33--33
\T1/cmr/m/n/9 socio-economic and
 []


Underfull \hbox (badness 10000) in paragraph at lines 33--33
\T1/cmr/m/n/9 age bands, prior
 []


Underfull \hbox (badness 10000) in paragraph at lines 33--33
\T1/cmr/m/n/9 at-tempts, stud-
 []


Underfull \hbox (badness 10000) in paragraph at lines 33--33
\T1/cmr/m/n/9 ied cred-its, and
 []


Underfull \hbox (badness 10000) in paragraph at lines 33--33
[]|\T1/cmr/m/n/9 Module-presentation
 []


Underfull \hbox (badness 10000) in paragraph at lines 33--33
\T1/cmr/m/n/9 meta-data:
 []


Underfull \hbox (badness 10000) in paragraph at lines 33--33
\T1/cmtt/m/n/9 code_module\T1/cmr/m/n/9 ,
 []


Underfull \hbox (badness 10000) in paragraph at lines 33--33
\T1/cmtt/m/n/9 code_presentation\T1/cmr/m/n/9 ,
 []


Underfull \hbox (badness 10000) in paragraph at lines 33--33
[]|\T1/cmr/m/n/9 Enrollment time-
 []


Underfull \hbox (badness 10000) in paragraph at lines 33--33
\T1/cmr/m/n/9 line per stu-dent
 []


Underfull \hbox (badness 10000) in paragraph at lines 33--33
\T1/cmr/m/n/9 and pre-sen-ta-
 []


Underfull \hbox (badness 10000) in paragraph at lines 33--33
\T1/cmr/m/n/9 tion: \T1/cmtt/m/n/9 id_student\T1/cmr/m/n/9 ,
 []


Underfull \hbox (badness 10000) in paragraph at lines 33--33
\T1/cmtt/m/n/9 date_registration\T1/cmr/m/n/9 ,
 []


Underfull \hbox (badness 10000) in paragraph at lines 33--33
\T1/cmr/m/n/9 and
 []


Overfull \hbox (6.03525pt too wide) in paragraph at lines 33--33
\T1/cmtt/m/n/9 date_unregistration\T1/cmr/m/n/9 .| 
 []


Underfull \hbox (badness 10000) in paragraph at lines 48--48
[]|\T1/cmr/m/n/9 Assessment struc-
 []


Underfull \hbox (badness 10000) in paragraph at lines 48--48
\T1/cmr/m/n/9 ture: \T1/cmtt/m/n/9 code_module\T1/cmr/m/n/9 ,
 []


Underfull \hbox (badness 10000) in paragraph at lines 48--48
\T1/cmtt/m/n/9 code_presentation\T1/cmr/m/n/9 ,
 []


Underfull \hbox (badness 10000) in paragraph at lines 48--48
\T1/cmtt/m/n/9 id_student\T1/cmr/m/n/9 ,
 []


Underfull \hbox (badness 10000) in paragraph at lines 48--48
\T1/cmtt/m/n/9 id_assessment\T1/cmr/m/n/9 ,
 []


Underfull \hbox (badness 10000) in paragraph at lines 48--48
\T1/cmtt/m/n/9 assessment_type\T1/cmr/m/n/9 , \T1/cmtt/m/n/9 date\T1/cmr/m/n/9 ,
 []


Underfull \hbox (badness 10000) in paragraph at lines 48--48
[]|\T1/cmr/m/n/9 Student per-for-
 []


Underfull \hbox (badness 10000) in paragraph at lines 48--48
\T1/cmr/m/n/9 mance: \T1/cmtt/m/n/9 id_student\T1/cmr/m/n/9 ,
 []


Underfull \vbox (badness 10000) has occurred while \output is active []



[9]
Underfull \hbox (badness 10000) in paragraph at lines 63--63
[]|\T1/cmr/m/n/9 Clickstream data: \T1/cmtt/m/n/9 code_module\T1/cmr/m/n/9 ,
 []


Underfull \hbox (badness 10000) in paragraph at lines 63--63
\T1/cmtt/m/n/9 code_presentation\T1/cmr/m/n/9 , \T1/cmtt/m/n/9 id_student\T1/cmr/m/n/9 ,
 []


Underfull \hbox (badness 6641) in paragraph at lines 63--63
\T1/cmtt/m/n/9 code_module\T1/cmr/m/n/9 , \T1/cmtt/m/n/9 code_presentation\T1/cmr/m/n/9 ,
 []


Underfull \hbox (badness 10000) in paragraph at lines 75--76
\T1/cmr/m/n/10 ta-ble \T1/cmtt/m/n/10 studentAssessment \T1/cmr/m/n/10 and
 []


Underfull \hbox (badness 10000) in paragraph at lines 75--76
\T1/cmr/m/n/10 the ta-ble \T1/cmtt/m/n/10 assessments \T1/cmr/m/n/10 on
 []


Underfull \hbox (badness 10000) in paragraph at lines 75--76
\T1/cmtt/m/n/10 id_assessment\T1/cmr/m/n/10 . Miss-ing due
 []


Underfull \hbox (badness 10000) in paragraph at lines 75--76
\T1/cmr/m/n/10 dates and scores are ex-plic-
 []


Underfull \hbox (badness 10000) in paragraph at lines 75--76
\T1/cmr/m/n/10 itly tracked us-ing bi-nary in-
 []


Underfull \hbox (badness 10000) in paragraph at lines 75--76
\T1/cmr/m/n/10 di-ca-tors (\T1/cmtt/m/n/10 has_due_date \T1/cmr/m/n/10 and
 []


Underfull \hbox (badness 10000) in paragraph at lines 75--76
\T1/cmr/m/n/10 com-pute weighted per-for-mance
 []


Underfull \hbox (badness 10000) in paragraph at lines 75--76
\T1/cmr/m/n/10 the student-module-presentation
 []

[10]
Underfull \hbox (badness 10000) in paragraph at lines 76--77
\T1/cmr/m/n/10 student-module-presentation and
 []


Underfull \hbox (badness 10000) in paragraph at lines 76--77
\T1/cmr/m/n/10 tain one behavior-feature row
 []

<figures/PP_pipeline_LBL1_input_tables.png, id=189, 786.94pt x 173.64874pt>
File: figures/PP_pipeline_LBL1_input_tables.png Graphic file (type png)
<use figures/PP_pipeline_LBL1_input_tables.png>
Package pdftex.def Info: figures/PP_pipeline_LBL1_input_tables.png  used on input line 86.
(pdftex.def)             Requested size: 312.40906pt x 68.93628pt.
<figures/PP_pipeline_LBL2_feature_preparation.png, id=190, 786.94pt x 212.795pt>
File: figures/PP_pipeline_LBL2_feature_preparation.png Graphic file (type png)
<use figures/PP_pipeline_LBL2_feature_preparation.png>
Package pdftex.def Info: figures/PP_pipeline_LBL2_feature_preparation.png  used on input line 92.
(pdftex.def)             Requested size: 312.40906pt x 84.47682pt.
<figures/PP_pipeline_LBL3_prepared_feature_sets.png, id=191, 786.94pt x 205.76875pt>
File: figures/PP_pipeline_LBL3_prepared_feature_sets.png Graphic file (type png)
<use figures/PP_pipeline_LBL3_prepared_feature_sets.png>
Package pdftex.def Info: figures/PP_pipeline_LBL3_prepared_feature_sets.png  used on input line 98.
(pdftex.def)             Requested size: 312.40906pt x 81.6875pt.
<figures/PP_pipeline_LBL4_final_dataset.png, id=192, 786.94pt x 313.17pt>
File: figures/PP_pipeline_LBL4_final_dataset.png Graphic file (type png)
<use figures/PP_pipeline_LBL4_final_dataset.png>
Package pdftex.def Info: figures/PP_pipeline_LBL4_final_dataset.png  used on input line 104.
(pdftex.def)             Requested size: 312.40906pt x 124.32439pt.


[11 <./figures/PP_pipeline_LBL1_input_tables.png>]

[12 <./figures/PP_pipeline_LBL2_feature_preparation.png> <./figures/PP_pipeline_LBL3_prepared_feature_sets.png> <./figures/PP_pipeline_LBL4_final_dataset.png>]
Underfull \hbox (badness 10000) in paragraph at lines 113--114
 []\T1/cmr/bx/n/10 Traditional Ma-chine Learn-ing
 []


Underfull \hbox (badness 10000) in paragraph at lines 117--118
[]\T1/cmr/m/n/10 Regarding im-ple-men-ta-tion, all
 []


Underfull \hbox (badness 10000) in paragraph at lines 147--147
[]|\T1/cmtt/m/n/9 n_estimators=300\T1/cmr/m/n/9 , \T1/cmtt/m/n/9 min_samples_split=5\T1/cmr/m/n/9 ,
 []


Underfull \hbox (badness 10000) in paragraph at lines 147--147
\T1/cmtt/m/n/9 min_samples_leaf=2\T1/cmr/m/n/9 , \T1/cmtt/m/n/9 max_features='sqrt'\T1/cmr/m/n/9 ,
 []


Underfull \hbox (badness 10000) in paragraph at lines 147--147
[]|\T1/cmtt/m/n/9 splitter='best'\T1/cmr/m/n/9 , \T1/cmtt/m/n/9 min_samples_split=20\T1/cmr/m/n/9 ,
 []


Underfull \hbox (badness 10000) in paragraph at lines 147--147
\T1/cmtt/m/n/9 min_samples_leaf=4\T1/cmr/m/n/9 , \T1/cmtt/m/n/9 max_features=None\T1/cmr/m/n/9 ,
 []


Underfull \hbox (badness 2393) in paragraph at lines 147--147
[]|\T1/cmtt/m/n/9 StandardScaler() \T1/cmr/m/n/9 + \T1/cmtt/m/n/9 SVC(C=0.7847599703514611,
 []


Underfull \hbox (badness 10000) in paragraph at lines 147--147
\T1/cmtt/m/n/9 class_weight='balanced', kernel='rbf',
 []


Underfull \hbox (badness 10000) in paragraph at lines 147--147
[]|\T1/cmtt/m/n/9 subsample=1.0\T1/cmr/m/n/9 , \T1/cmtt/m/n/9 n_estimators=100\T1/cmr/m/n/9 ,
 []


Underfull \hbox (badness 10000) in paragraph at lines 147--147
\T1/cmtt/m/n/9 min_samples_split=2\T1/cmr/m/n/9 , \T1/cmtt/m/n/9 min_samples_leaf=4\T1/cmr/m/n/9 ,
 []


Underfull \hbox (badness 10000) in paragraph at lines 147--147
\T1/cmtt/m/n/9 max_features=None\T1/cmr/m/n/9 , \T1/cmtt/m/n/9 max_depth=5\T1/cmr/m/n/9 ,
 []


Underfull \hbox (badness 10000) in paragraph at lines 147--147
[]|\T1/cmtt/m/n/9 StandardScaler() \T1/cmr/m/n/9 + \T1/cmtt/m/n/9 KNeighborsClassifier
 []


Underfull \hbox (badness 10000) in paragraph at lines 147--147
\T1/cmtt/m/n/9 (n_neighbors=7, weights='uniform', p=1,
 []


Underfull \hbox (badness 10000) in paragraph at lines 147--147
[]|\T1/cmtt/m/n/9 ELMClassifier(n_neurons=1000, alpha=0.0001,
 []


Underfull \hbox (badness 10000) in paragraph at lines 147--147
[]|\T1/cmtt/m/n/9 MLPClassifier(hidden_layer_sizes=(32,),
 []


Underfull \hbox (badness 10000) in paragraph at lines 147--147
\T1/cmtt/m/n/9 activation='tanh', alpha=0.1, solver='lbfgs',
 []


Underfull \vbox (badness 10000) has occurred while \output is active []



[13]
<code/plots/random_search_cv_py.png, id=215, 867.24pt x 505.89pt>
File: code/plots/random_search_cv_py.png Graphic file (type png)
<use code/plots/random_search_cv_py.png>
Package pdftex.def Info: code/plots/random_search_cv_py.png  used on input line 154.
(pdftex.def)             Requested size: 315.88368pt x 184.2662pt.
 (C:\Users\MIKE\AppData\Local\Programs\MiKTeX\tex/latex/listings\lstlang1.sty
File: lstlang1.sty 2024/05/25 1.10b listings language file
)
Underfull \vbox (badness 3354) has occurred while \output is active []



[14 <./code/plots/random_search_cv_py.png>]
Package hyperref Info: bookmark level for unknown lstlisting defaults to 0 on input line 158.
)

[15] (Results.tex
<code/plots/combined_tradml_llm_performance.png, id=270, 939.51pt x 542.025pt>
File: code/plots/combined_tradml_llm_performance.png Graphic file (type png)
<use code/plots/combined_tradml_llm_performance.png>
Package pdftex.def Info: code/plots/combined_tradml_llm_performance.png  used on input line 35.
(pdftex.def)             Requested size: 347.12354pt x 200.26491pt.
<code/plots/model_performance_py.png, id=271, 860.013pt x 425.1885pt>
File: code/plots/model_performance_py.png Graphic file (type png)
<use code/plots/model_performance_py.png>
Package pdftex.def Info: code/plots/model_performance_py.png  used on input line 42.
(pdftex.def)             Requested size: 347.12354pt x 171.61649pt.


[16 <./code/plots/combined_tradml_llm_performance.png>]
<code/plots/qwen_metric_technique_comparison.png, id=281, 505.89pt x 361.35pt>
File: code/plots/qwen_metric_technique_comparison.png Graphic file (type png)
<use code/plots/qwen_metric_technique_comparison.png>
Package pdftex.def Info: code/plots/qwen_metric_technique_comparison.png  used on input line 68.
(pdftex.def)             Requested size: 173.56177pt x 123.97115pt.
<code/plots/llama_metric_technique_comparison.png, id=282, 505.89pt x 361.35pt>
File: code/plots/llama_metric_technique_comparison.png Graphic file (type png)
<use code/plots/llama_metric_technique_comparison.png>
Package pdftex.def Info: code/plots/llama_metric_technique_comparison.png  used on input line 71.
(pdftex.def)             Requested size: 173.56177pt x 123.97115pt.

Overfull \hbox (5.0pt too wide) in paragraph at lines 67--73
 []$[]$ 
 []


Overfull \hbox (5.0pt too wide) in paragraph at lines 67--73
 []$ 
 []


Underfull \hbox (badness 10000) in paragraph at lines 73--73
[]\T1/cmr/m/n/10 Fig.8: |Prompting-technique com-
 []

[17 <./code/plots/model_performance_py.png>]) (Discussion.tex [18 <./code/plots/qwen_metric_technique_comparison.png> <./code/plots/llama_metric_technique_comparison.png>]) (Conclusion.tex)

[19]

[20]

[21] (main.aux)
 ***********
LaTeX2e <2024-06-01> patch level 2
L3 programming layer <2024-07-20>
 ***********
Package rerunfilecheck Info: File `main.out' has not changed.
(rerunfilecheck)             Checksum: 7C0E323C94C518DB6DC1F2CEA39FF0A1;822.
Package logreq Info: Writing requests to 'main.run.xml'.
\openout1 = `main.run.xml'.

 ) 
Here is how much of TeX's memory you used:
 23112 strings out of 473899
 407598 string characters out of 5726973
 2325960 words of memory out of 5000000
 45563 multiletter control sequences out of 15000+600000
 569458 words of font info for 59 fonts, out of 8000000 for 9000
 1141 hyphenation exceptions out of 8191
 75i,10n,81p,1829b,1825s stack positions out of 10000i,1000n,20000p,200000b,200000s
 <C:\Users\MIKE\AppData\Local\MiKTeX\fonts/pk/ljfour/jknappen/ec/dpi600\ectt1000.pk> <C:\Users\MIKE\AppData\Local\MiKTeX\fonts/pk/ljfour/jknappen/ec/dpi600\ecbx1000.pk> <C:\Users\MIKE\AppData\Local\MiKTeX\fonts/pk/ljfour/jknappen/ec/dpi600\ecbx1200.pk> <C:\Users\MIKE\AppData\Local\MiKTeX\fonts/pk/ljfour/jknappen/ec/dpi600\tcrm0900.pk> <C:\Users\MIKE\AppData\Local\MiKTeX\fonts/pk/ljfour/jknappen/ec/dpi600\ecbx0900.pk> <C:\Users\MIKE\AppData\Local\MiKTeX\fonts/pk/ljfour/jknappen/ec/dpi600\ectt0900.pk> <C:\Users\MIKE\AppData\Local\MiKTeX\fonts/pk/ljfour/jknappen/ec/dpi600\ecrm0900.pk> <C:\Users\MIKE\AppData\Local\MiKTeX\fonts/pk/ljfour/jknappen/ec/dpi600\ecrm1000.pk> <C:\Users\MIKE\AppData\Local\MiKTeX\fonts/pk/ljfour/jknappen/ec/dpi600\ecbx1440.pk><C:/Users/MIKE/AppData/Local/Programs/MiKTeX/fonts/type1/public/amsfonts/cm/cmex10.pfb><C:/Users/MIKE/AppData/Local/Programs/MiKTeX/fonts/type1/public/amsfonts/cm/cmmi10.pfb><C:/Users/MIKE/AppData/Local/Programs/MiKTeX/fonts/type1/public/amsfonts/cm/cmmi6.pfb><C:/Users/MIKE/AppData/Local/Programs/MiKTeX/fonts/type1/public/amsfonts/cm/cmmi7.pfb><C:/Users/MIKE/AppData/Local/Programs/MiKTeX/fonts/type1/public/amsfonts/cm/cmmi9.pfb><C:/Users/MIKE/AppData/Local/Programs/MiKTeX/fonts/type1/public/amsfonts/cm/cmr10.pfb><C:/Users/MIKE/AppData/Local/Programs/MiKTeX/fonts/type1/public/amsfonts/cm/cmr6.pfb><C:/Users/MIKE/AppData/Local/Programs/MiKTeX/fonts/type1/public/amsfonts/cm/cmr7.pfb><C:/Users/MIKE/AppData/Local/Programs/MiKTeX/fonts/type1/public/amsfonts/cm/cmsy10.pfb><C:/Users/MIKE/AppData/Local/Programs/MiKTeX/fonts/type1/public/amsfonts/cm/cmsy7.pfb>
Output written on main.pdf (21 pages, 803445 bytes).
PDF statistics:
 899 PDF objects out of 1000 (max. 8388607)
 142 named destinations out of 1000 (max. 500000)
 54 words of extra memory for PDF output out of 10000 (max. 10000000)

